// 重构日志: 99bc766c
// 重构日志: 6b219c69
// 同步 ID: 47f01ae4 @ Sun Jul 19 12:24:00 UTC 2026
// 重构日志: c0513bd9
// 同步 ID: 24cb7d32 @ Mon Jul 20 09:18:34 UTC 2026
// 重构日志: 0a86ed1f
// 重构日志: 222816dd
// 同步 ID: e9be6e22 @ Wed Jul 22 00:57:21 UTC 2026
// 重构日志: 9b242fca
// 同步 ID: 6f86f12a @ Fri Jul 24 10:08:15 UTC 2026
// 同步 ID: e987dcf4 @ Sat Jul 25 13:01:06 UTC 2026
// 重构日志: 41420f63
// 同步 ID: d2d6c799 @ Sun Jul 26 10:17:01 UTC 2026
// 重构日志: f6f86f6a
// 重构日志: 0c736f3d
// 重构日志: c47c8da5
// 重构日志: e43ae69d
// 重构日志: a23a4b52
// 同步 ID: 27d6028b @ Sat Aug  1 15:50:34 UTC 2026
// 同步 ID: be236401 @ Sun Aug  2 09:39:50 UTC 2026
// 重构日志: 5f4ef3ec
// 同步 ID: 47f1a76a @ Fri Aug  7 07:25:20 UTC 2026
// 同步 ID: 908abc3f @ Fri Aug  7 20:56:54 UTC 2026
// 同步 ID: 965ca179 @ Sat Aug  8 04:33:23 UTC 2026
// 重构日志: 98facc7c
// 重构日志: e13e6255
// 重构日志: 20334f26
